[engagement-integration.de/_next/static/media/08ba70b8711450ea-s.p.ttf]
[engagement-integration.de/_next/static/media/0b4ff3e020f1ae12-s.p.ttf]
[engagement-integration.de/_next/static/media/1282ebc61b96a9d9-s.p.ttf]
[engagement-integration.de/_next/static/media/4b4ebe20759bdbf2-s.p.ttf]
[engagement-integration.de/_next/static/media/4e9239ead7b4df45-s.p.ttf]
[engagement-integration.de/_next/static/media/524c2f2ba740ce37-s.p.ttf]
[engagement-integration.de/_next/static/media/8b20023e8f811f53-s.p.ttf]
[engagement-integration.de/_next/static/media/8d213a541b09f168-s.p.ttf]
[engagement-integration.de/_next/static/media/94565ec6846462e1-s.p.otf]
[engagement-integration.de/_next/static/media/98512bf8da1afe43-s.p.ttf]
[engagement-integration.de/_next/static/media/a52d0bf095c248da-s.p.ttf]
[engagement-integration.de/_next/static/media/ceece816751f0be1-s.p.ttf]
[engagement-integration.de/_next/static/media/f80d0330c54b06af-s.p.otf]
[engagement-integration.de/_next/static/media/f8cd6b7d650c1a01-s.p.ttf]
[backblue.gif]
[fade.gif]
[index.html]
[engagement-integration.de/favicon.ico]
[engagement-integration.de/_next/about-597d9.png]
[engagement-integration.de/_next/about-5e0ed.png]
[engagement-integration.de/_next/about-60e72.png]
[engagement-integration.de/_next/about-6721d.png]
[engagement-integration.de/_next/about-71b3c.png]
[engagement-integration.de/_next/about-7a915.png]
[engagement-integration.de/_next/projet-859ae.png]
[engagement-integration.de/_next/projet-88994.png]
[engagement-integration.de/_next/projet-970c0.png]
[engagement-integration.de/_next/projet-9921c.png]
[engagement-integration.de/_next/projet-10c9a4.png]
[engagement-integration.de/_next/projet-109a1c.png]
[engagement-integration.de/_next/projet-76c0c.png]
[engagement-integration.de/_next/projet-7c83d.png]
[engagement-integration.de/_next/image-1070de.png]
[engagement-integration.de/_next/image-1019fe.png]
[engagement-integration.de/_next/image-43a0d.png]
[engagement-integration.de/_next/image-4e4ae.png]
[engagement-integration.de/_next/image-54f25.png]
[engagement-integration.de/_next/image-5ffa0.png]
[engagement-integration.de/_next/image-6e2c7.png]
[engagement-integration.de/_next/image-64619.png]
[engagement-integration.de/_next/image-77c1e.png]
[engagement-integration.de/_next/image-74adb.png]
[engagement-integration.de/_next/image-8aad9.png]
[engagement-integration.de/_next/image-898ad.png]
[engagement-integration.de/_next/map2bc0.png]
[engagement-integration.de/_next/mapd5c8.png]
[engagement-integration.de/_next/tshirt-22962.png]
[engagement-integration.de/_next/tshirt-299d0.png]
[engagement-integration.de/_next/charity106e.png]
[engagement-integration.de/_next/charity6a60.png]
[engagement-integration.de/_next/bac-2c95f.png]
[engagement-integration.de/_next/bac-21c13.png]
[engagement-integration.de/_next/stylod7b3.png]
[engagement-integration.de/_next/stylo338c.png]
[engagement-integration.de/index.html]
[engagement-integration.de/assets/images/banner-2.png]
[engagement-integration.de/_next/static/css/dd93b8ebb88f445d.css]
[engagement-integration.de/_next/static/css/acdcfba204184bce.css]
[engagement-integration.de/_next/static/chunks/webpack-6ef3593d9570b183.js]
[engagement-integration.de/_next/static/chunks/fd9d1056-473e7e1246c7970a.js]
[engagement-integration.de/_next/static/chunks/69-72bac779662cd075.js]
[engagement-integration.de/_next/static/chunks/main-app-211c41536461e7b5.js]
[engagement-integration.de/_next/static/chunks/608-1010dfbb950f9f3f.js]
[engagement-integration.de/_next/static/chunks/504-156a39e979e867a6.js]
[engagement-integration.de/_next/static/chunks/144-063801990363a98e.js]
[engagement-integration.de/_next/static/chunks/app/page-a2b18b127d226ed6.js]
[engagement-integration.de/_next/static/chunks/polyfills-c67a75d1b6f99dc8.js]
[engagement-integration.de/_next/partner-34d43.png]
[engagement-integration.de/_next/partner-310ee.png]
[engagement-integration.de/_next/partner-48d03.png]
[engagement-integration.de/_next/partner-4ec2c.png]
[engagement-integration.de/about-us.html]
[engagement-integration.de/_next/f1cfa5.png]
[engagement-integration.de/_next/f166eb.png]
[engagement-integration.de/_next/f2e4d9.png]
[engagement-integration.de/_next/f2db6c.png]
[engagement-integration.de/_next/f3d11f.png]
[engagement-integration.de/_next/f3686e.png]
[engagement-integration.de/_next/f49fbe.png]
[engagement-integration.de/_next/f41694.png]
[engagement-integration.de/_next/f510ec.png]
[engagement-integration.de/_next/f5e9fd.png]
[engagement-integration.de/_next/f6daa5.png]
[engagement-integration.de/_next/f6f5d5.png]
[engagement-integration.de/_next/f775b0.png]
[engagement-integration.de/_next/f75980.png]
[engagement-integration.de/_next/f8b896.png]
[engagement-integration.de/_next/f87d50.png]
[engagement-integration.de/_next/f92526.png]
[engagement-integration.de/_next/f9e60c.png]
[engagement-integration.de/_next/f1065d0.png]
[engagement-integration.de/_next/f109e32.png]
[engagement-integration.de/_next/f11baa9.png]
[engagement-integration.de/_next/f113bae.png]
[engagement-integration.de/services-for-immigrants.html]
[engagement-integration.de/_next/news-16d08.png]
[engagement-integration.de/_next/news-1f9b9.png]
[engagement-integration.de/_next/news-24558.png]
[engagement-integration.de/_next/news-26074.png]
[engagement-integration.de/_next/news-3245b.png]
[engagement-integration.de/_next/news-30b63.png]
[engagement-integration.de/_next/news-4e9a7.png]
[engagement-integration.de/_next/news-41a03.png]
[engagement-integration.de/_next/news-5ce1e.png]
[engagement-integration.de/_next/news-56645.png]
[engagement-integration.de/_next/news-6fd89.png]
[engagement-integration.de/_next/news-60b41.png]
[engagement-integration.de/_next/news-7dafc.png]
[engagement-integration.de/_next/news-75b66.png]
[engagement-integration.de/_next/news-82154.png]
[engagement-integration.de/_next/news-880e8.png]
[engagement-integration.de/_next/news-92696.png]
[engagement-integration.de/_next/news-94367.png]
[engagement-integration.de/_next/news-10084e.png]
[engagement-integration.de/_next/news-10fb67.png]
[engagement-integration.de/_next/news-11cc45.png]
[engagement-integration.de/_next/news-116f4f.png]
[engagement-integration.de/_next/news-121977.png]
[engagement-integration.de/_next/news-125853.png]
[engagement-integration.de/_next/news-13e03c.png]
[engagement-integration.de/_next/news-130816.png]
[engagement-integration.de/news.html]
[engagement-integration.de/contact.html]
[engagement-integration.de/mentions.html]
[engagement-integration.de/privacy-policy.html]
[engagement-integration.de/_next/index.html]
[engagement-integration.de/e,location.origin.html]
[engagement-integration.de/window.location.href.html]
[engagement-integration.de/k,window.location.href.html]
[engagement-integration.de/(0,h.addBasePath.html]
[engagement-integration.de/null!=edec5.html]
[engagement-integration.de/r,location.origin.html]
[engagement-integration.de/e.html]
[engagement-integration.de/p,r.html]
[engagement-integration.de/(0,u.addBasePath.html]
[engagement-integration.de/e.canonicalUrl,window.location.href.html]
[engagement-integration.de/$&/index.html]
[engagement-integration.de/_next/static/chunks/app/about-us/page-199eaee7e96b59b5.js]
[engagement-integration.de/_next/static/chunks/app/services-for-immigrants/page-8db5cfeea279be75.js]
[engagement-integration.de/_next/static/chunks/app/news/page-98b4f17e8e3e65a0.js]
[engagement-integration.de/_next/static/chunks/app/contact/page-068103b2f47ee24e.js]
[engagement-integration.de/_next/static/chunks/app/mentions/page-6b4077a235b33179.js]
[engagement-integration.de/_next/static/chunks/app/privacy-policy/page-b2af69a9b949bb71.js]
[engagement-integration.de/_next.html]
[engagement-integration.de/$&.html]
